exports[`test Rendered output matches previously created snapshot 1`] = `
<footer
  className="navbar">
  <div
    className="container">
    <div
      className="container">
      <div
        className="row">
        <div
          className="col-sm-6">
          <div
            className="copy">
            <p>
              Copyright © 2015 Open Knowledge International
              <br />
              <a
                href="https://okfn.org/terms-of-use/">
                Terms of Use
              </a>
              –
              <a
                href="https://okfn.org/ip-policy/">
                IP Policy
              </a>
              <br />
              <a
                href="https://opendefinition.org/okd/"
                title="Open Data">
                <img
                  alt=""
                  border=""
                  className=""
                  src="https://assets.okfn.org/images/ok_buttons/od_80x15_blue.png" />
              </a>
              <a
                href="https://opendefinition.org/ossd/"
                title="Open Online Software Service">
                <img
                  alt=""
                  border=""
                  className=""
                  src="https://assets.okfn.org/images/ok_buttons/os_80x15_orange_grey.png" />
              </a>
            </p>
          </div>
        </div>
        <div
          className="col-sm-6">
          <div
            className="row">
            <div
              className="col-sm-8">
              <p>
                This service is run by
              </p>
              <img
                alt="post"
                className=""
                src="https://a.okfn.org/img/oki/landscape-rgb-165x43.png" />
            </div>
            <div
              className="connect col-sm-4">
              <p>
                Connect with Us
              </p>
              <ul
                className="list-inline">
                <li>
                  <a
                    href="https://twitter.com/okfnlabs">
                    <i
                      className="icon-twitter" />
                  </a>
                </li>
                <li>
                  <a
                    href="https://facebook.com/OKFNetwork">
                    <i
                      className="icon-facebook" />
                  </a>
                </li>
                <li>
                  <a
                    href="https://www.youtube.com/user/openknowledgefdn">
                    <i
                      className="icon-youtube" />
                  </a>
                </li>
                <li>
                  <a
                    href="https://plus.google.com/112608652597658788737">
                    <i
                      className="icon-google-plus" />
                  </a>
                </li>
              </ul>
            </div>
          </div>
        </div>
      </div>
    </div>
  </div>
</footer>
`;
